// Jest Snapshot v1, https://goo.gl/fbAQLP

exports[`should render the expected output 1`] = `"<form class=\\"formELement\\" name=\\"registration-form\\" method=\\"POST\\"><label class=\\"formLabel\\" for=\\"username\\">Username<input class=\\"formGroup\\" type=\\"text\\" id=\\"username\\" placeholder=\\"username\\" value=\\"\\"></label><label class=\\"formLabel\\" for=\\"password\\">Password<input class=\\"formGroup\\" type=\\"password\\" id=\\"password\\" placeholder=\\"password\\" value=\\"\\"></label><button class=\\"btn\\" type=\\"submit\\">Login</button></form>"`;
