// Jest Snapshot v1, https://goo.gl/fbAQLP

exports[`should render the expected output 1`] = `"<form class=\\"formELement\\" name=\\"registration-form\\"><label class=\\"formLabel\\" for=\\"username\\">Username<input class=\\"formGroup\\" type=\\"text\\" id=\\"username\\" name=\\"username\\" placeholder=\\"username\\" required=\\"\\" value=\\"\\"></label><label class=\\"formLabel\\" for=\\"email\\">Email<input class=\\"formGroup\\" type=\\"email\\" id=\\"email\\" name=\\"email\\" placeholder=\\"email\\" required=\\"\\" value=\\"\\"></label><label class=\\"formLabel\\" for=\\"password\\">Password<input class=\\"formGroup\\" type=\\"password\\" id=\\"password\\" name=\\"password\\" placeholder=\\"password\\" required=\\"\\" value=\\"\\"></label><button class=\\"btn\\" type=\\"submit\\">Register</button></form>"`;
